// Jest Snapshot v1, https://goo.gl/fbAQLP

exports[`<BackgroundContainer/> should match a snapshot 1`] = `
<div>
  <section
    class="bg-[#0A1128] overflow-y-scroll  flex mx-auto my-auto flex-col w-full min-h-screen"
  >
    <div
      class="text-white flex max-h-screen relative max-w-[1200px] my-auto mx-auto p-8"
    />
  </section>
</div>
`;
